// Jest Snapshot v1, https://goo.gl/fbAQLP

exports[`Foo <About /> should render about page 1`] = `null`;
