// Jest Snapshot v1, https://goo.gl/fbAQLP

exports[`Foo <Films /> should render cards with titles 1`] = `
<article
  className="small-movie-card catalog__movies-card"
  onMouseLeave={[Function]}
  onMouseOver={[Function]}
>
  <div
    className="small-movie-card__image"
  >
    <img
      alt="Fantastic Beasts: The Crimes of Grindelwald"
      height="175"
      width="280"
    />
  </div>
  <h3
    className="small-movie-card__title"
  >
    <a
      className="small-movie-card__link"
      href="/about"
      onClick={[Function]}
    />
  </h3>
</article>
`;
