// Jest Snapshot v1, https://goo.gl/fbAQLP

exports[`Foo <Main /> should render main page 1`] = `null`;
