// Jest Snapshot v1, https://goo.gl/fbAQLP

exports[`Foo <ShowMore /> should render ShowMore 1`] = `null`;
