// Jest Snapshot v1, https://goo.gl/fbAQLP

exports[`Foo <VideoPlayerFull /> should render VideoPlayerFull 1`] = `
<div>
  <video
    autoPlay={true}
    className="player__video"
    loop="loop"
    muted="muted"
  />
</div>
`;
