// Jest Snapshot v1, https://goo.gl/fbAQLP

exports[`Foo <App /> should render main page in app 1`] = `null`;
