// Jest Snapshot v1, https://goo.gl/fbAQLP

exports[`Foo <FilmsList /> should render cards with titles 1`] = `null`;
