// Jest Snapshot v1, https://goo.gl/fbAQLP

exports[`Foo <GenresList /> should render GenresList 1`] = `null`;
